
> reviews-maker-client@1.0.0 build
> vite build

[36mvite v6.4.1 [32mbuilding for production...[36m[39m
[baseline-browser-mapping] The data in this module is over two months old.  To ensure accurate Baseline data, please update: `npm i baseline-browser-mapping@latest -D`
transforming...
[32mÔ£ô[39m 19 modules transformed.
Ô£ù Build failed in 437ms
error during build:
Could not resolve "./components/legal/RDRBanner" from "src/App.jsx"
file: C:/Users/Rafi/Documents/.0AMes-Logiciel/Reviews-Maker/client/src/App.jsx
    at getRollupError (file:///C:/Users/Rafi/Documents/.0AMes-Logiciel/Reviews-Maker/client/node_modules/rollup/dist/es/shared/parseAst.js:401:41)
    at error (file:///C:/Users/Rafi/Documents/.0AMes-Logiciel/Reviews-Maker/client/node_modules/rollup/dist/es/shared/parseAst.js:397:42)
    at ModuleLoader.handleInvalidResolvedId (file:///C:/Users/Rafi/Documents/.0AMes-Logiciel/Reviews-Maker/client/node_modules/rollup/dist/es/shared/node-entry.js:21565:24)
    at file:///C:/Users/Rafi/Documents/.0AMes-Logiciel/Reviews-Maker/client/node_modules/rollup/dist/es/shared/node-entry.js:21525:26
