
> reviews-maker-client@1.0.0 build
> vite build

[36mvite v6.4.1 [32mbuilding for production...[36m[39m
[baseline-browser-mapping] The data in this module is over two months old.  To ensure accurate Baseline data, please update: `npm i baseline-browser-mapping@latest -D`
transforming...
[32mÔ£ô[39m 15 modules transformed.
Ô£ù Build failed in 419ms
error during build:
[vite:esbuild] Transform failed with 1 error:
C:/Users/Rafi/Documents/.0AMes-Logiciel/Reviews-Maker/client/src/pages/account/SettingsPage.jsx:82:0: ERROR: Unexpected end of file
file: C:/Users/Rafi/Documents/.0AMes-Logiciel/Reviews-Maker/client/src/pages/account/SettingsPage.jsx:82:0

Unexpected end of file
80 |          } catch (error) {
81 |  }
82 |  
   |  ^

    at failureErrorWithLog (C:\Users\Rafi\Documents\.0AMes-Logiciel\Reviews-Maker\client\node_modules\esbuild\lib\main.js:1467:15)
    at C:\Users\Rafi\Documents\.0AMes-Logiciel\Reviews-Maker\client\node_modules\esbuild\lib\main.js:736:50
    at responseCallbacks.<computed> (C:\Users\Rafi\Documents\.0AMes-Logiciel\Reviews-Maker\client\node_modules\esbuild\lib\main.js:603:9)
    at handleIncomingPacket (C:\Users\Rafi\Documents\.0AMes-Logiciel\Reviews-Maker\client\node_modules\esbuild\lib\main.js:658:12)
    at Socket.readFromStdout (C:\Users\Rafi\Documents\.0AMes-Logiciel\Reviews-Maker\client\node_modules\esbuild\lib\main.js:581:7)
    at Socket.emit (node:events:519:28)
    at addChunk (node:internal/streams/readable:561:12)
    at readableAddChunkPushByteMode (node:internal/streams/readable:512:3)
    at Readable.push (node:internal/streams/readable:392:5)
    at Pipe.onStreamRead (node:internal/stream_base_commons:189:23)
